Archive member included to satisfy reference by file (symbol)

/Applications/STM32CubeIDE.app/Contents/Eclipse/plugins/com.st.stm32cube.ide.mcu.externaltools.gnu-tools-for-stm32.10.3-2021.10.macos64_1.0.0.202111181127/tools/bin/../lib/gcc/arm-none-eabi/10.3.1/../../../../arm-none-eabi/lib/thumb/v7-m/nofp/libc_nano.a(lib_a-exit.o)
                              /Applications/STM32CubeIDE.app/Contents/Eclipse/plugins/com.st.stm32cube.ide.mcu.externaltools.gnu-tools-for-stm32.10.3-2021.10.macos64_1.0.0.202111181127/tools/bin/../lib/gcc/arm-none-eabi/10.3.1/../../../../arm-none-eabi/lib/thumb/v7-m/nofp/crt0.o (exit)
/Applications/STM32CubeIDE.app/Contents/Eclipse/plugins/com.st.stm32cube.ide.mcu.externaltools.gnu-tools-for-stm32.10.3-2021.10.macos64_1.0.0.202111181127/tools/bin/../lib/gcc/arm-none-eabi/10.3.1/../../../../arm-none-eabi/lib/thumb/v7-m/nofp/libc_nano.a(lib_a-impure.o)
                              /Applications/STM32CubeIDE.app/Contents/Eclipse/plugins/com.st.stm32cube.ide.mcu.externaltools.gnu-tools-for-stm32.10.3-2021.10.macos64_1.0.0.202111181127/tools/bin/../lib/gcc/arm-none-eabi/10.3.1/../../../../arm-none-eabi/lib/thumb/v7-m/nofp/libc_nano.a(lib_a-exit.o) (_global_impure_ptr)
/Applications/STM32CubeIDE.app/Contents/Eclipse/plugins/com.st.stm32cube.ide.mcu.externaltools.gnu-tools-for-stm32.10.3-2021.10.macos64_1.0.0.202111181127/tools/bin/../lib/gcc/arm-none-eabi/10.3.1/../../../../arm-none-eabi/lib/thumb/v7-m/nofp/libc_nano.a(lib_a-init.o)
                              /Applications/STM32CubeIDE.app/Contents/Eclipse/plugins/com.st.stm32cube.ide.mcu.externaltools.gnu-tools-for-stm32.10.3-2021.10.macos64_1.0.0.202111181127/tools/bin/../lib/gcc/arm-none-eabi/10.3.1/../../../../arm-none-eabi/lib/thumb/v7-m/nofp/crt0.o (__libc_init_array)
/Applications/STM32CubeIDE.app/Contents/Eclipse/plugins/com.st.stm32cube.ide.mcu.externaltools.gnu-tools-for-stm32.10.3-2021.10.macos64_1.0.0.202111181127/tools/bin/../lib/gcc/arm-none-eabi/10.3.1/../../../../arm-none-eabi/lib/thumb/v7-m/nofp/libc_nano.a(lib_a-memset.o)
                              /Applications/STM32CubeIDE.app/Contents/Eclipse/plugins/com.st.stm32cube.ide.mcu.externaltools.gnu-tools-for-stm32.10.3-2021.10.macos64_1.0.0.202111181127/tools/bin/../lib/gcc/arm-none-eabi/10.3.1/../../../../arm-none-eabi/lib/thumb/v7-m/nofp/crt0.o (memset)
/Applications/STM32CubeIDE.app/Contents/Eclipse/plugins/com.st.stm32cube.ide.mcu.externaltools.gnu-tools-for-stm32.10.3-2021.10.macos64_1.0.0.202111181127/tools/bin/../lib/gcc/arm-none-eabi/10.3.1/../../../../arm-none-eabi/lib/thumb/v7-m/nofp/libnosys.a(_exit.o)
                              /Applications/STM32CubeIDE.app/Contents/Eclipse/plugins/com.st.stm32cube.ide.mcu.externaltools.gnu-tools-for-stm32.10.3-2021.10.macos64_1.0.0.202111181127/tools/bin/../lib/gcc/arm-none-eabi/10.3.1/../../../../arm-none-eabi/lib/thumb/v7-m/nofp/libc_nano.a(lib_a-exit.o) (_exit)

Discarded input sections

 .text          0x0000000000000000        0x0 /Applications/STM32CubeIDE.app/Contents/Eclipse/plugins/com.st.stm32cube.ide.mcu.externaltools.gnu-tools-for-stm32.10.3-2021.10.macos64_1.0.0.202111181127/tools/bin/../lib/gcc/arm-none-eabi/10.3.1/thumb/v7-m/nofp/crti.o
 .data          0x0000000000000000        0x0 /Applications/STM32CubeIDE.app/Contents/Eclipse/plugins/com.st.stm32cube.ide.mcu.externaltools.gnu-tools-for-stm32.10.3-2021.10.macos64_1.0.0.202111181127/tools/bin/../lib/gcc/arm-none-eabi/10.3.1/thumb/v7-m/nofp/crti.o
 .bss           0x0000000000000000        0x0 /Applications/STM32CubeIDE.app/Contents/Eclipse/plugins/com.st.stm32cube.ide.mcu.externaltools.gnu-tools-for-stm32.10.3-2021.10.macos64_1.0.0.202111181127/tools/bin/../lib/gcc/arm-none-eabi/10.3.1/thumb/v7-m/nofp/crti.o
 .data          0x0000000000000000        0x4 /Applications/STM32CubeIDE.app/Contents/Eclipse/plugins/com.st.stm32cube.ide.mcu.externaltools.gnu-tools-for-stm32.10.3-2021.10.macos64_1.0.0.202111181127/tools/bin/../lib/gcc/arm-none-eabi/10.3.1/thumb/v7-m/nofp/crtbegin.o
 .rodata        0x0000000000000000       0x24 /Applications/STM32CubeIDE.app/Contents/Eclipse/plugins/com.st.stm32cube.ide.mcu.externaltools.gnu-tools-for-stm32.10.3-2021.10.macos64_1.0.0.202111181127/tools/bin/../lib/gcc/arm-none-eabi/10.3.1/thumb/v7-m/nofp/crtbegin.o
 .text          0x0000000000000000       0x7c /Applications/STM32CubeIDE.app/Contents/Eclipse/plugins/com.st.stm32cube.ide.mcu.externaltools.gnu-tools-for-stm32.10.3-2021.10.macos64_1.0.0.202111181127/tools/bin/../lib/gcc/arm-none-eabi/10.3.1/../../../../arm-none-eabi/lib/thumb/v7-m/nofp/crt0.o
 .data          0x0000000000000000        0x0 /Applications/STM32CubeIDE.app/Contents/Eclipse/plugins/com.st.stm32cube.ide.mcu.externaltools.gnu-tools-for-stm32.10.3-2021.10.macos64_1.0.0.202111181127/tools/bin/../lib/gcc/arm-none-eabi/10.3.1/../../../../arm-none-eabi/lib/thumb/v7-m/nofp/crt0.o
 .bss           0x0000000000000000        0x0 /Applications/STM32CubeIDE.app/Contents/Eclipse/plugins/com.st.stm32cube.ide.mcu.externaltools.gnu-tools-for-stm32.10.3-2021.10.macos64_1.0.0.202111181127/tools/bin/../lib/gcc/arm-none-eabi/10.3.1/../../../../arm-none-eabi/lib/thumb/v7-m/nofp/crt0.o
 .ARM.extab     0x0000000000000000        0x0 /Applications/STM32CubeIDE.app/Contents/Eclipse/plugins/com.st.stm32cube.ide.mcu.externaltools.gnu-tools-for-stm32.10.3-2021.10.macos64_1.0.0.202111181127/tools/bin/../lib/gcc/arm-none-eabi/10.3.1/../../../../arm-none-eabi/lib/thumb/v7-m/nofp/crt0.o
 .ARM.exidx     0x0000000000000000       0x10 /Applications/STM32CubeIDE.app/Contents/Eclipse/plugins/com.st.stm32cube.ide.mcu.externaltools.gnu-tools-for-stm32.10.3-2021.10.macos64_1.0.0.202111181127/tools/bin/../lib/gcc/arm-none-eabi/10.3.1/../../../../arm-none-eabi/lib/thumb/v7-m/nofp/crt0.o
 .ARM.attributes
                0x0000000000000000       0x1b /Applications/STM32CubeIDE.app/Contents/Eclipse/plugins/com.st.stm32cube.ide.mcu.externaltools.gnu-tools-for-stm32.10.3-2021.10.macos64_1.0.0.202111181127/tools/bin/../lib/gcc/arm-none-eabi/10.3.1/../../../../arm-none-eabi/lib/thumb/v7-m/nofp/crt0.o
 .group         0x0000000000000000        0xc ./Core/Src/main.o
 .group         0x0000000000000000        0xc ./Core/Src/main.o
 .group         0x0000000000000000        0xc ./Core/Src/main.o
 .group         0x0000000000000000        0xc ./Core/Src/main.o
 .group         0x0000000000000000        0xc ./Core/Src/main.o
 .group         0x0000000000000000        0xc ./Core/Src/main.o
 .group         0x0000000000000000        0xc ./Core/Src/main.o
 .group         0x0000000000000000        0xc ./Core/Src/main.o
 .group         0x0000000000000000        0xc ./Core/Src/main.o
 .group         0x0000000000000000        0xc ./Core/Src/main.o
 .group         0x0000000000000000        0xc ./Core/Src/main.o
 .group         0x0000000000000000        0xc ./Core/Src/main.o
 .group         0x0000000000000000        0xc ./Core/Src/main.o
 .group         0x0000000000000000        0xc ./Core/Src/main.o
 .group         0x0000000000000000        0xc ./Core/Src/main.o
 .text          0x0000000000000000        0x0 ./Core/Src/main.o
 .data          0x0000000000000000        0x0 ./Core/Src/main.o
 .bss           0x0000000000000000        0x0 ./Core/Src/main.o
 .group         0x0000000000000000        0xc ./Core/Src/system_stm32f1xx.o
 .group         0x0000000000000000        0xc ./Core/Src/system_stm32f1xx.o
 .group         0x0000000000000000        0xc ./Core/Src/system_stm32f1xx.o
 .group         0x0000000000000000        0xc ./Core/Src/system_stm32f1xx.o
 .group         0x0000000000000000        0xc ./Core/Src/system_stm32f1xx.o
 .group         0x0000000000000000        0xc ./Core/Src/system_stm32f1xx.o
 .group         0x0000000000000000        0xc ./Core/Src/system_stm32f1xx.o
 .group         0x0000000000000000        0xc ./Core/Src/system_stm32f1xx.o
 .group         0x0000000000000000        0xc ./Core/Src/system_stm32f1xx.o
 .group         0x0000000000000000        0xc ./Core/Src/system_stm32f1xx.o
 .group         0x0000000000000000        0xc ./Core/Src/system_stm32f1xx.o
 .group         0x0000000000000000        0xc ./Core/Src/system_stm32f1xx.o
 .group         0x0000000000000000        0xc ./Core/Src/system_stm32f1xx.o
 .group         0x0000000000000000        0xc ./Core/Src/system_stm32f1xx.o
 .group         0x0000000000000000        0xc ./Core/Src/system_stm32f1xx.o
 .text          0x0000000000000000        0x0 ./Core/Src/system_stm32f1xx.o
 .data          0x0000000000000000        0x0 ./Core/Src/system_stm32f1xx.o
 .bss           0x0000000000000000        0x0 ./Core/Src/system_stm32f1xx.o
 .data.SystemCoreClock
                0x0000000000000000        0x4 ./Core/Src/system_stm32f1xx.o
 .rodata.AHBPrescTable
                0x0000000000000000       0x10 ./Core/Src/system_stm32f1xx.o
 .rodata.APBPrescTable
                0x0000000000000000        0x8 ./Core/Src/system_stm32f1xx.o
 .text.SystemCoreClockUpdate
                0x0000000000000000       0xe4 ./Core/Src/system_stm32f1xx.o
 .debug_macro   0x0000000000000000      0xa66 ./Core/Src/system_stm32f1xx.o
 .debug_macro   0x0000000000000000       0x2e ./Core/Src/system_stm32f1xx.o
 .debug_macro   0x0000000000000000       0x22 ./Core/Src/system_stm32f1xx.o
 .debug_macro   0x0000000000000000       0x22 ./Core/Src/system_stm32f1xx.o
 .debug_macro   0x0000000000000000       0x8e ./Core/Src/system_stm32f1xx.o
 .debug_macro   0x0000000000000000       0x51 ./Core/Src/system_stm32f1xx.o
 .debug_macro   0x0000000000000000      0x103 ./Core/Src/system_stm32f1xx.o
 .debug_macro   0x0000000000000000       0x6a ./Core/Src/system_stm32f1xx.o
 .debug_macro   0x0000000000000000      0x1df ./Core/Src/system_stm32f1xx.o
 .debug_macro   0x0000000000000000       0x1c ./Core/Src/system_stm32f1xx.o
 .debug_macro   0x0000000000000000       0x22 ./Core/Src/system_stm32f1xx.o
 .debug_macro   0x0000000000000000       0xbd ./Core/Src/system_stm32f1xx.o
 .debug_macro   0x0000000000000000      0xd23 ./Core/Src/system_stm32f1xx.o
 .debug_macro   0x0000000000000000     0xe09e ./Core/Src/system_stm32f1xx.o
 .debug_macro   0x0000000000000000       0x6d ./Core/Src/system_stm32f1xx.o
 .group         0x0000000000000000        0xc ./Peripherals/Src/gpio.o
 .group         0x0000000000000000        0xc ./Peripherals/Src/gpio.o
 .group         0x0000000000000000        0xc ./Peripherals/Src/gpio.o
 .group         0x0000000000000000        0xc ./Peripherals/Src/gpio.o
 .group         0x0000000000000000        0xc ./Peripherals/Src/gpio.o
 .group         0x0000000000000000        0xc ./Peripherals/Src/gpio.o
 .group         0x0000000000000000        0xc ./Peripherals/Src/gpio.o
 .group         0x0000000000000000        0xc ./Peripherals/Src/gpio.o
 .group         0x0000000000000000        0xc ./Peripherals/Src/gpio.o
 .group         0x0000000000000000        0xc ./Peripherals/Src/gpio.o
 .group         0x0000000000000000        0xc ./Peripherals/Src/gpio.o
 .group         0x0000000000000000        0xc ./Peripherals/Src/gpio.o
 .group         0x0000000000000000        0xc ./Peripherals/Src/gpio.o
 .group         0x0000000000000000        0xc ./Peripherals/Src/gpio.o
 .group         0x0000000000000000        0xc ./Peripherals/Src/gpio.o
 .text          0x0000000000000000        0x0 ./Peripherals/Src/gpio.o
 .data          0x0000000000000000        0x0 ./Peripherals/Src/gpio.o
 .bss           0x0000000000000000        0x0 ./Peripherals/Src/gpio.o
 .debug_macro   0x0000000000000000      0xa66 ./Peripherals/Src/gpio.o
 .debug_macro   0x0000000000000000       0x2e ./Peripherals/Src/gpio.o
 .debug_macro   0x0000000000000000       0x22 ./Peripherals/Src/gpio.o
 .debug_macro   0x0000000000000000       0x22 ./Peripherals/Src/gpio.o
 .debug_macro   0x0000000000000000       0x8e ./Peripherals/Src/gpio.o
 .debug_macro   0x0000000000000000       0x51 ./Peripherals/Src/gpio.o
 .debug_macro   0x0000000000000000      0x103 ./Peripherals/Src/gpio.o
 .debug_macro   0x0000000000000000       0x6a ./Peripherals/Src/gpio.o
 .debug_macro   0x0000000000000000      0x1df ./Peripherals/Src/gpio.o
 .debug_macro   0x0000000000000000       0x1c ./Peripherals/Src/gpio.o
 .debug_macro   0x0000000000000000       0x22 ./Peripherals/Src/gpio.o
 .debug_macro   0x0000000000000000       0xbd ./Peripherals/Src/gpio.o
 .debug_macro   0x0000000000000000      0xd23 ./Peripherals/Src/gpio.o
 .debug_macro   0x0000000000000000     0xe09e ./Peripherals/Src/gpio.o
 .debug_macro   0x0000000000000000       0x6d ./Peripherals/Src/gpio.o
 .group         0x0000000000000000        0xc ./Peripherals/Src/rcc.o
 .group         0x0000000000000000        0xc ./Peripherals/Src/rcc.o
 .group         0x0000000000000000        0xc ./Peripherals/Src/rcc.o
 .group         0x0000000000000000        0xc ./Peripherals/Src/rcc.o
 .group         0x0000000000000000        0xc ./Peripherals/Src/rcc.o
 .group         0x0000000000000000        0xc ./Peripherals/Src/rcc.o
 .group         0x0000000000000000        0xc ./Peripherals/Src/rcc.o
 .group         0x0000000000000000        0xc ./Peripherals/Src/rcc.o
 .group         0x0000000000000000        0xc ./Peripherals/Src/rcc.o
 .group         0x0000000000000000        0xc ./Peripherals/Src/rcc.o
 .group         0x0000000000000000        0xc ./Peripherals/Src/rcc.o
 .group         0x0000000000000000        0xc ./Peripherals/Src/rcc.o
 .group         0x0000000000000000        0xc ./Peripherals/Src/rcc.o
 .group         0x0000000000000000        0xc ./Peripherals/Src/rcc.o
 .group         0x0000000000000000        0xc ./Peripherals/Src/rcc.o
 .text          0x0000000000000000        0x0 ./Peripherals/Src/rcc.o
 .data          0x0000000000000000        0x0 ./Peripherals/Src/rcc.o
 .bss           0x0000000000000000        0x0 ./Peripherals/Src/rcc.o
 .text.sysTrick_config
                0x0000000000000000        0xc ./Peripherals/Src/rcc.o
 .debug_macro   0x0000000000000000      0xa66 ./Peripherals/Src/rcc.o
 .debug_macro   0x0000000000000000       0x2e ./Peripherals/Src/rcc.o
 .debug_macro   0x0000000000000000       0x22 ./Peripherals/Src/rcc.o
 .debug_macro   0x0000000000000000       0x22 ./Peripherals/Src/rcc.o
 .debug_macro   0x0000000000000000       0x8e ./Peripherals/Src/rcc.o
 .debug_macro   0x0000000000000000       0x51 ./Peripherals/Src/rcc.o
 .debug_macro   0x0000000000000000      0x103 ./Peripherals/Src/rcc.o
 .debug_macro   0x0000000000000000       0x6a ./Peripherals/Src/rcc.o
 .debug_macro   0x0000000000000000      0x1df ./Peripherals/Src/rcc.o
 .debug_macro   0x0000000000000000       0x1c ./Peripherals/Src/rcc.o
 .debug_macro   0x0000000000000000       0x22 ./Peripherals/Src/rcc.o
 .debug_macro   0x0000000000000000       0xbd ./Peripherals/Src/rcc.o
 .debug_macro   0x0000000000000000      0xd23 ./Peripherals/Src/rcc.o
 .debug_macro   0x0000000000000000     0xe09e ./Peripherals/Src/rcc.o
 .debug_macro   0x0000000000000000       0x6d ./Peripherals/Src/rcc.o
 .text          0x0000000000000000       0x14 ./Startup/startup_stm32f103xb.o
 .data          0x0000000000000000        0x0 ./Startup/startup_stm32f103xb.o
 .bss           0x0000000000000000        0x0 ./Startup/startup_stm32f103xb.o
 .text          0x0000000000000000        0x0 /Applications/STM32CubeIDE.app/Contents/Eclipse/plugins/com.st.stm32cube.ide.mcu.externaltools.gnu-tools-for-stm32.10.3-2021.10.macos64_1.0.0.202111181127/tools/bin/../lib/gcc/arm-none-eabi/10.3.1/../../../../arm-none-eabi/lib/thumb/v7-m/nofp/libc_nano.a(lib_a-exit.o)
 .data          0x0000000000000000        0x0 /Applications/STM32CubeIDE.app/Contents/Eclipse/plugins/com.st.stm32cube.ide.mcu.externaltools.gnu-tools-for-stm32.10.3-2021.10.macos64_1.0.0.202111181127/tools/bin/../lib/gcc/arm-none-eabi/10.3.1/../../../../arm-none-eabi/lib/thumb/v7-m/nofp/libc_nano.a(lib_a-exit.o)
 .bss           0x0000000000000000        0x0 /Applications/STM32CubeIDE.app/Contents/Eclipse/plugins/com.st.stm32cube.ide.mcu.externaltools.gnu-tools-for-stm32.10.3-2021.10.macos64_1.0.0.202111181127/tools/bin/../lib/gcc/arm-none-eabi/10.3.1/../../../../arm-none-eabi/lib/thumb/v7-m/nofp/libc_nano.a(lib_a-exit.o)
 .text.exit     0x0000000000000000       0x28 /Applications/STM32CubeIDE.app/Contents/Eclipse/plugins/com.st.stm32cube.ide.mcu.externaltools.gnu-tools-for-stm32.10.3-2021.10.macos64_1.0.0.202111181127/tools/bin/../lib/gcc/arm-none-eabi/10.3.1/../../../../arm-none-eabi/lib/thumb/v7-m/nofp/libc_nano.a(lib_a-exit.o)
 .debug_frame   0x0000000000000000       0x28 /Applications/STM32CubeIDE.app/Contents/Eclipse/plugins/com.st.stm32cube.ide.mcu.externaltools.gnu-tools-for-stm32.10.3-2021.10.macos64_1.0.0.202111181127/tools/bin/../lib/gcc/arm-none-eabi/10.3.1/../../../../arm-none-eabi/lib/thumb/v7-m/nofp/libc_nano.a(lib_a-exit.o)
 .ARM.attributes
                0x0000000000000000       0x2d /Applications/STM32CubeIDE.app/Contents/Eclipse/plugins/com.st.stm32cube.ide.mcu.externaltools.gnu-tools-for-stm32.10.3-2021.10.macos64_1.0.0.202111181127/tools/bin/../lib/gcc/arm-none-eabi/10.3.1/../../../../arm-none-eabi/lib/thumb/v7-m/nofp/libc_nano.a(lib_a-exit.o)
 .text          0x0000000000000000        0x0 /Applications/STM32CubeIDE.app/Contents/Eclipse/plugins/com.st.stm32cube.ide.mcu.externaltools.gnu-tools-for-stm32.10.3-2021.10.macos64_1.0.0.202111181127/tools/bin/../lib/gcc/arm-none-eabi/10.3.1/../../../../arm-none-eabi/lib/thumb/v7-m/nofp/libc_nano.a(lib_a-impure.o)
 .data          0x0000000000000000        0x0 /Applications/STM32CubeIDE.app/Contents/Eclipse/plugins/com.st.stm32cube.ide.mcu.externaltools.gnu-tools-for-stm32.10.3-2021.10.macos64_1.0.0.202111181127/tools/bin/../lib/gcc/arm-none-eabi/10.3.1/../../../../arm-none-eabi/lib/thumb/v7-m/nofp/libc_nano.a(lib_a-impure.o)
 .bss           0x0000000000000000        0x0 /Applications/STM32CubeIDE.app/Contents/Eclipse/plugins/com.st.stm32cube.ide.mcu.externaltools.gnu-tools-for-stm32.10.3-2021.10.macos64_1.0.0.202111181127/tools/bin/../lib/gcc/arm-none-eabi/10.3.1/../../../../arm-none-eabi/lib/thumb/v7-m/nofp/libc_nano.a(lib_a-impure.o)
 .data._impure_ptr
                0x0000000000000000        0x4 /Applications/STM32CubeIDE.app/Contents/Eclipse/plugins/com.st.stm32cube.ide.mcu.externaltools.gnu-tools-for-stm32.10.3-2021.10.macos64_1.0.0.202111181127/tools/bin/../lib/gcc/arm-none-eabi/10.3.1/../../../../arm-none-eabi/lib/thumb/v7-m/nofp/libc_nano.a(lib_a-impure.o)
 .data.impure_data
                0x0000000000000000       0x60 /Applications/STM32CubeIDE.app/Contents/Eclipse/plugins/com.st.stm32cube.ide.mcu.externaltools.gnu-tools-for-stm32.10.3-2021.10.macos64_1.0.0.202111181127/tools/bin/../lib/gcc/arm-none-eabi/10.3.1/../../../../arm-none-eabi/lib/thumb/v7-m/nofp/libc_nano.a(lib_a-impure.o)
 .rodata._global_impure_ptr
                0x0000000000000000        0x4 /Applications/STM32CubeIDE.app/Contents/Eclipse/plugins/com.st.stm32cube.ide.mcu.externaltools.gnu-tools-for-stm32.10.3-2021.10.macos64_1.0.0.202111181127/tools/bin/../lib/gcc/arm-none-eabi/10.3.1/../../../../arm-none-eabi/lib/thumb/v7-m/nofp/libc_nano.a(lib_a-impure.o)
 .ARM.attributes
                0x0000000000000000       0x2d /Applications/STM32CubeIDE.app/Contents/Eclipse/plugins/com.st.stm32cube.ide.mcu.externaltools.gnu-tools-for-stm32.10.3-2021.10.macos64_1.0.0.202111181127/tools/bin/../lib/gcc/arm-none-eabi/10.3.1/../../../../arm-none-eabi/lib/thumb/v7-m/nofp/libc_nano.a(lib_a-impure.o)
 .text          0x0000000000000000        0x0 /Applications/STM32CubeIDE.app/Contents/Eclipse/plugins/com.st.stm32cube.ide.mcu.externaltools.gnu-tools-for-stm32.10.3-2021.10.macos64_1.0.0.202111181127/tools/bin/../lib/gcc/arm-none-eabi/10.3.1/../../../../arm-none-eabi/lib/thumb/v7-m/nofp/libc_nano.a(lib_a-init.o)
 .data          0x0000000000000000        0x0 /Applications/STM32CubeIDE.app/Contents/Eclipse/plugins/com.st.stm32cube.ide.mcu.externaltools.gnu-tools-for-stm32.10.3-2021.10.macos64_1.0.0.202111181127/tools/bin/../lib/gcc/arm-none-eabi/10.3.1/../../../../arm-none-eabi/lib/thumb/v7-m/nofp/libc_nano.a(lib_a-init.o)
 .bss           0x0000000000000000        0x0 /Applications/STM32CubeIDE.app/Contents/Eclipse/plugins/com.st.stm32cube.ide.mcu.externaltools.gnu-tools-for-stm32.10.3-2021.10.macos64_1.0.0.202111181127/tools/bin/../lib/gcc/arm-none-eabi/10.3.1/../../../../arm-none-eabi/lib/thumb/v7-m/nofp/libc_nano.a(lib_a-init.o)
 .text          0x0000000000000000        0x0 /Applications/STM32CubeIDE.app/Contents/Eclipse/plugins/com.st.stm32cube.ide.mcu.externaltools.gnu-tools-for-stm32.10.3-2021.10.macos64_1.0.0.202111181127/tools/bin/../lib/gcc/arm-none-eabi/10.3.1/../../../../arm-none-eabi/lib/thumb/v7-m/nofp/libc_nano.a(lib_a-memset.o)
 .data          0x0000000000000000        0x0 /Applications/STM32CubeIDE.app/Contents/Eclipse/plugins/com.st.stm32cube.ide.mcu.externaltools.gnu-tools-for-stm32.10.3-2021.10.macos64_1.0.0.202111181127/tools/bin/../lib/gcc/arm-none-eabi/10.3.1/../../../../arm-none-eabi/lib/thumb/v7-m/nofp/libc_nano.a(lib_a-memset.o)
 .bss           0x0000000000000000        0x0 /Applications/STM32CubeIDE.app/Contents/Eclipse/plugins/com.st.stm32cube.ide.mcu.externaltools.gnu-tools-for-stm32.10.3-2021.10.macos64_1.0.0.202111181127/tools/bin/../lib/gcc/arm-none-eabi/10.3.1/../../../../arm-none-eabi/lib/thumb/v7-m/nofp/libc_nano.a(lib_a-memset.o)
 .text.memset   0x0000000000000000       0x10 /Applications/STM32CubeIDE.app/Contents/Eclipse/plugins/com.st.stm32cube.ide.mcu.externaltools.gnu-tools-for-stm32.10.3-2021.10.macos64_1.0.0.202111181127/tools/bin/../lib/gcc/arm-none-eabi/10.3.1/../../../../arm-none-eabi/lib/thumb/v7-m/nofp/libc_nano.a(lib_a-memset.o)
 .debug_frame   0x0000000000000000       0x20 /Applications/STM32CubeIDE.app/Contents/Eclipse/plugins/com.st.stm32cube.ide.mcu.externaltools.gnu-tools-for-stm32.10.3-2021.10.macos64_1.0.0.202111181127/tools/bin/../lib/gcc/arm-none-eabi/10.3.1/../../../../arm-none-eabi/lib/thumb/v7-m/nofp/libc_nano.a(lib_a-memset.o)
 .ARM.attributes
                0x0000000000000000       0x2d /Applications/STM32CubeIDE.app/Contents/Eclipse/plugins/com.st.stm32cube.ide.mcu.externaltools.gnu-tools-for-stm32.10.3-2021.10.macos64_1.0.0.202111181127/tools/bin/../lib/gcc/arm-none-eabi/10.3.1/../../../../arm-none-eabi/lib/thumb/v7-m/nofp/libc_nano.a(lib_a-memset.o)
 .text          0x0000000000000000        0x0 /Applications/STM32CubeIDE.app/Contents/Eclipse/plugins/com.st.stm32cube.ide.mcu.externaltools.gnu-tools-for-stm32.10.3-2021.10.macos64_1.0.0.202111181127/tools/bin/../lib/gcc/arm-none-eabi/10.3.1/../../../../arm-none-eabi/lib/thumb/v7-m/nofp/libnosys.a(_exit.o)
 .data          0x0000000000000000        0x0 /Applications/STM32CubeIDE.app/Contents/Eclipse/plugins/com.st.stm32cube.ide.mcu.externaltools.gnu-tools-for-stm32.10.3-2021.10.macos64_1.0.0.202111181127/tools/bin/../lib/gcc/arm-none-eabi/10.3.1/../../../../arm-none-eabi/lib/thumb/v7-m/nofp/libnosys.a(_exit.o)
 .bss           0x0000000000000000        0x0 /Applications/STM32CubeIDE.app/Contents/Eclipse/plugins/com.st.stm32cube.ide.mcu.externaltools.gnu-tools-for-stm32.10.3-2021.10.macos64_1.0.0.202111181127/tools/bin/../lib/gcc/arm-none-eabi/10.3.1/../../../../arm-none-eabi/lib/thumb/v7-m/nofp/libnosys.a(_exit.o)
 .text._exit    0x0000000000000000        0x2 /Applications/STM32CubeIDE.app/Contents/Eclipse/plugins/com.st.stm32cube.ide.mcu.externaltools.gnu-tools-for-stm32.10.3-2021.10.macos64_1.0.0.202111181127/tools/bin/../lib/gcc/arm-none-eabi/10.3.1/../../../../arm-none-eabi/lib/thumb/v7-m/nofp/libnosys.a(_exit.o)
 .debug_frame   0x0000000000000000       0x20 /Applications/STM32CubeIDE.app/Contents/Eclipse/plugins/com.st.stm32cube.ide.mcu.externaltools.gnu-tools-for-stm32.10.3-2021.10.macos64_1.0.0.202111181127/tools/bin/../lib/gcc/arm-none-eabi/10.3.1/../../../../arm-none-eabi/lib/thumb/v7-m/nofp/libnosys.a(_exit.o)
 .ARM.attributes
                0x0000000000000000       0x2d /Applications/STM32CubeIDE.app/Contents/Eclipse/plugins/com.st.stm32cube.ide.mcu.externaltools.gnu-tools-for-stm32.10.3-2021.10.macos64_1.0.0.202111181127/tools/bin/../lib/gcc/arm-none-eabi/10.3.1/../../../../arm-none-eabi/lib/thumb/v7-m/nofp/libnosys.a(_exit.o)
 .text          0x0000000000000000        0x0 /Applications/STM32CubeIDE.app/Contents/Eclipse/plugins/com.st.stm32cube.ide.mcu.externaltools.gnu-tools-for-stm32.10.3-2021.10.macos64_1.0.0.202111181127/tools/bin/../lib/gcc/arm-none-eabi/10.3.1/thumb/v7-m/nofp/crtend.o
 .data          0x0000000000000000        0x0 /Applications/STM32CubeIDE.app/Contents/Eclipse/plugins/com.st.stm32cube.ide.mcu.externaltools.gnu-tools-for-stm32.10.3-2021.10.macos64_1.0.0.202111181127/tools/bin/../lib/gcc/arm-none-eabi/10.3.1/thumb/v7-m/nofp/crtend.o
 .bss           0x0000000000000000        0x0 /Applications/STM32CubeIDE.app/Contents/Eclipse/plugins/com.st.stm32cube.ide.mcu.externaltools.gnu-tools-for-stm32.10.3-2021.10.macos64_1.0.0.202111181127/tools/bin/../lib/gcc/arm-none-eabi/10.3.1/thumb/v7-m/nofp/crtend.o
 .rodata        0x0000000000000000       0x24 /Applications/STM32CubeIDE.app/Contents/Eclipse/plugins/com.st.stm32cube.ide.mcu.externaltools.gnu-tools-for-stm32.10.3-2021.10.macos64_1.0.0.202111181127/tools/bin/../lib/gcc/arm-none-eabi/10.3.1/thumb/v7-m/nofp/crtend.o
 .eh_frame      0x0000000000000000        0x4 /Applications/STM32CubeIDE.app/Contents/Eclipse/plugins/com.st.stm32cube.ide.mcu.externaltools.gnu-tools-for-stm32.10.3-2021.10.macos64_1.0.0.202111181127/tools/bin/../lib/gcc/arm-none-eabi/10.3.1/thumb/v7-m/nofp/crtend.o
 .ARM.attributes
                0x0000000000000000       0x2d /Applications/STM32CubeIDE.app/Contents/Eclipse/plugins/com.st.stm32cube.ide.mcu.externaltools.gnu-tools-for-stm32.10.3-2021.10.macos64_1.0.0.202111181127/tools/bin/../lib/gcc/arm-none-eabi/10.3.1/thumb/v7-m/nofp/crtend.o
 .text          0x0000000000000000        0x0 /Applications/STM32CubeIDE.app/Contents/Eclipse/plugins/com.st.stm32cube.ide.mcu.externaltools.gnu-tools-for-stm32.10.3-2021.10.macos64_1.0.0.202111181127/tools/bin/../lib/gcc/arm-none-eabi/10.3.1/thumb/v7-m/nofp/crtn.o
 .data          0x0000000000000000        0x0 /Applications/STM32CubeIDE.app/Contents/Eclipse/plugins/com.st.stm32cube.ide.mcu.externaltools.gnu-tools-for-stm32.10.3-2021.10.macos64_1.0.0.202111181127/tools/bin/../lib/gcc/arm-none-eabi/10.3.1/thumb/v7-m/nofp/crtn.o
 .bss           0x0000000000000000        0x0 /Applications/STM32CubeIDE.app/Contents/Eclipse/plugins/com.st.stm32cube.ide.mcu.externaltools.gnu-tools-for-stm32.10.3-2021.10.macos64_1.0.0.202111181127/tools/bin/../lib/gcc/arm-none-eabi/10.3.1/thumb/v7-m/nofp/crtn.o

Memory Configuration

Name             Origin             Length             Attributes
RAM              0x0000000020000000 0x0000000000005000 xrw
FLASH            0x0000000008000000 0x0000000000010000 xr
*default*        0x0000000000000000 0xffffffffffffffff

Linker script and memory map

LOAD /Applications/STM32CubeIDE.app/Contents/Eclipse/plugins/com.st.stm32cube.ide.mcu.externaltools.gnu-tools-for-stm32.10.3-2021.10.macos64_1.0.0.202111181127/tools/bin/../lib/gcc/arm-none-eabi/10.3.1/thumb/v7-m/nofp/crti.o
LOAD /Applications/STM32CubeIDE.app/Contents/Eclipse/plugins/com.st.stm32cube.ide.mcu.externaltools.gnu-tools-for-stm32.10.3-2021.10.macos64_1.0.0.202111181127/tools/bin/../lib/gcc/arm-none-eabi/10.3.1/thumb/v7-m/nofp/crtbegin.o
LOAD /Applications/STM32CubeIDE.app/Contents/Eclipse/plugins/com.st.stm32cube.ide.mcu.externaltools.gnu-tools-for-stm32.10.3-2021.10.macos64_1.0.0.202111181127/tools/bin/../lib/gcc/arm-none-eabi/10.3.1/../../../../arm-none-eabi/lib/thumb/v7-m/nofp/crt0.o
LOAD ./Core/Src/main.o
LOAD ./Core/Src/system_stm32f1xx.o
LOAD ./Peripherals/Src/gpio.o
LOAD ./Peripherals/Src/rcc.o
LOAD ./Startup/startup_stm32f103xb.o
START GROUP
LOAD /Applications/STM32CubeIDE.app/Contents/Eclipse/plugins/com.st.stm32cube.ide.mcu.externaltools.gnu-tools-for-stm32.10.3-2021.10.macos64_1.0.0.202111181127/tools/bin/../lib/gcc/arm-none-eabi/10.3.1/../../../../arm-none-eabi/lib/thumb/v7-m/nofp/libc_nano.a
LOAD /Applications/STM32CubeIDE.app/Contents/Eclipse/plugins/com.st.stm32cube.ide.mcu.externaltools.gnu-tools-for-stm32.10.3-2021.10.macos64_1.0.0.202111181127/tools/bin/../lib/gcc/arm-none-eabi/10.3.1/../../../../arm-none-eabi/lib/thumb/v7-m/nofp/libm.a
END GROUP
START GROUP
LOAD /Applications/STM32CubeIDE.app/Contents/Eclipse/plugins/com.st.stm32cube.ide.mcu.externaltools.gnu-tools-for-stm32.10.3-2021.10.macos64_1.0.0.202111181127/tools/bin/../lib/gcc/arm-none-eabi/10.3.1/thumb/v7-m/nofp/libgcc.a
LOAD /Applications/STM32CubeIDE.app/Contents/Eclipse/plugins/com.st.stm32cube.ide.mcu.externaltools.gnu-tools-for-stm32.10.3-2021.10.macos64_1.0.0.202111181127/tools/bin/../lib/gcc/arm-none-eabi/10.3.1/../../../../arm-none-eabi/lib/thumb/v7-m/nofp/libc_nano.a
END GROUP
START GROUP
LOAD /Applications/STM32CubeIDE.app/Contents/Eclipse/plugins/com.st.stm32cube.ide.mcu.externaltools.gnu-tools-for-stm32.10.3-2021.10.macos64_1.0.0.202111181127/tools/bin/../lib/gcc/arm-none-eabi/10.3.1/thumb/v7-m/nofp/libgcc.a
LOAD /Applications/STM32CubeIDE.app/Contents/Eclipse/plugins/com.st.stm32cube.ide.mcu.externaltools.gnu-tools-for-stm32.10.3-2021.10.macos64_1.0.0.202111181127/tools/bin/../lib/gcc/arm-none-eabi/10.3.1/../../../../arm-none-eabi/lib/thumb/v7-m/nofp/libc_nano.a
LOAD /Applications/STM32CubeIDE.app/Contents/Eclipse/plugins/com.st.stm32cube.ide.mcu.externaltools.gnu-tools-for-stm32.10.3-2021.10.macos64_1.0.0.202111181127/tools/bin/../lib/gcc/arm-none-eabi/10.3.1/../../../../arm-none-eabi/lib/thumb/v7-m/nofp/libnosys.a
END GROUP
START GROUP
LOAD /Applications/STM32CubeIDE.app/Contents/Eclipse/plugins/com.st.stm32cube.ide.mcu.externaltools.gnu-tools-for-stm32.10.3-2021.10.macos64_1.0.0.202111181127/tools/bin/../lib/gcc/arm-none-eabi/10.3.1/thumb/v7-m/nofp/libgcc.a
LOAD /Applications/STM32CubeIDE.app/Contents/Eclipse/plugins/com.st.stm32cube.ide.mcu.externaltools.gnu-tools-for-stm32.10.3-2021.10.macos64_1.0.0.202111181127/tools/bin/../lib/gcc/arm-none-eabi/10.3.1/../../../../arm-none-eabi/lib/thumb/v7-m/nofp/libc_nano.a
LOAD /Applications/STM32CubeIDE.app/Contents/Eclipse/plugins/com.st.stm32cube.ide.mcu.externaltools.gnu-tools-for-stm32.10.3-2021.10.macos64_1.0.0.202111181127/tools/bin/../lib/gcc/arm-none-eabi/10.3.1/../../../../arm-none-eabi/lib/thumb/v7-m/nofp/libnosys.a
END GROUP
LOAD /Applications/STM32CubeIDE.app/Contents/Eclipse/plugins/com.st.stm32cube.ide.mcu.externaltools.gnu-tools-for-stm32.10.3-2021.10.macos64_1.0.0.202111181127/tools/bin/../lib/gcc/arm-none-eabi/10.3.1/thumb/v7-m/nofp/crtend.o
LOAD /Applications/STM32CubeIDE.app/Contents/Eclipse/plugins/com.st.stm32cube.ide.mcu.externaltools.gnu-tools-for-stm32.10.3-2021.10.macos64_1.0.0.202111181127/tools/bin/../lib/gcc/arm-none-eabi/10.3.1/thumb/v7-m/nofp/crtn.o
                0x0000000020005000                _estack = (ORIGIN (RAM) + LENGTH (RAM))
                0x0000000000000200                _Min_Heap_Size = 0x200
                0x0000000000000400                _Min_Stack_Size = 0x400

.isr_vector     0x0000000008000000      0x10c
                0x0000000008000000                . = ALIGN (0x4)
 *(.isr_vector)
 .isr_vector    0x0000000008000000      0x10c ./Startup/startup_stm32f103xb.o
                0x0000000008000000                g_pfnVectors
                0x000000000800010c                . = ALIGN (0x4)

.text           0x000000000800010c      0x280
                0x000000000800010c                . = ALIGN (0x4)
 *(.text)
 .text          0x000000000800010c       0x40 /Applications/STM32CubeIDE.app/Contents/Eclipse/plugins/com.st.stm32cube.ide.mcu.externaltools.gnu-tools-for-stm32.10.3-2021.10.macos64_1.0.0.202111181127/tools/bin/../lib/gcc/arm-none-eabi/10.3.1/thumb/v7-m/nofp/crtbegin.o
 *(.text*)
 .text.main     0x000000000800014c        0xe ./Core/Src/main.o
                0x000000000800014c                main
 .text.SystemInit
                0x000000000800015a        0xc ./Core/Src/system_stm32f1xx.o
                0x000000000800015a                SystemInit
 *fill*         0x0000000008000166        0x2 
 .text.gpio_Config
                0x0000000008000168       0x5c ./Peripherals/Src/gpio.o
                0x0000000008000168                gpio_Config
 .text.rcc_HSE_config
                0x00000000080001c4      0x11c ./Peripherals/Src/rcc.o
                0x00000000080001c4                rcc_HSE_config
 .text.Reset_Handler
                0x00000000080002e0       0x48 ./Startup/startup_stm32f103xb.o
                0x00000000080002e0                Reset_Handler
 .text.Default_Handler
                0x0000000008000328        0x2 ./Startup/startup_stm32f103xb.o
                0x0000000008000328                USBWakeUp_IRQHandler
                0x0000000008000328                EXTI2_IRQHandler
                0x0000000008000328                DebugMon_Handler
                0x0000000008000328                TIM1_CC_IRQHandler
                0x0000000008000328                HardFault_Handler
                0x0000000008000328                SysTick_Handler
                0x0000000008000328                PVD_IRQHandler
                0x0000000008000328                PendSV_Handler
                0x0000000008000328                NMI_Handler
                0x0000000008000328                EXTI3_IRQHandler
                0x0000000008000328                EXTI0_IRQHandler
                0x0000000008000328                I2C2_EV_IRQHandler
                0x0000000008000328                UsageFault_Handler
                0x0000000008000328                ADC1_2_IRQHandler
                0x0000000008000328                SPI1_IRQHandler
                0x0000000008000328                TAMPER_IRQHandler
                0x0000000008000328                DMA1_Channel4_IRQHandler
                0x0000000008000328                USART3_IRQHandler
                0x0000000008000328                RTC_IRQHandler
                0x0000000008000328                DMA1_Channel7_IRQHandler
                0x0000000008000328                CAN1_RX1_IRQHandler
                0x0000000008000328                TIM4_IRQHandler
                0x0000000008000328                I2C1_EV_IRQHandler
                0x0000000008000328                DMA1_Channel6_IRQHandler
                0x0000000008000328                TIM3_IRQHandler
                0x0000000008000328                RCC_IRQHandler
                0x0000000008000328                TIM1_TRG_COM_IRQHandler
                0x0000000008000328                DMA1_Channel1_IRQHandler
                0x0000000008000328                Default_Handler
                0x0000000008000328                EXTI15_10_IRQHandler
                0x0000000008000328                EXTI9_5_IRQHandler
                0x0000000008000328                SPI2_IRQHandler
                0x0000000008000328                MemManage_Handler
                0x0000000008000328                SVC_Handler
                0x0000000008000328                DMA1_Channel5_IRQHandler
                0x0000000008000328                EXTI4_IRQHandler
                0x0000000008000328                USB_LP_CAN1_RX0_IRQHandler
                0x0000000008000328                USB_HP_CAN1_TX_IRQHandler
                0x0000000008000328                DMA1_Channel3_IRQHandler
                0x0000000008000328                TIM1_UP_IRQHandler
                0x0000000008000328                WWDG_IRQHandler
                0x0000000008000328                TIM2_IRQHandler
                0x0000000008000328                TIM1_BRK_IRQHandler
                0x0000000008000328                EXTI1_IRQHandler
                0x0000000008000328                USART2_IRQHandler
                0x0000000008000328                I2C2_ER_IRQHandler
                0x0000000008000328                DMA1_Channel2_IRQHandler
                0x0000000008000328                CAN1_SCE_IRQHandler
                0x0000000008000328                FLASH_IRQHandler
                0x0000000008000328                BusFault_Handler
                0x0000000008000328                USART1_IRQHandler
                0x0000000008000328                I2C1_ER_IRQHandler
                0x0000000008000328                RTC_Alarm_IRQHandler
 *fill*         0x000000000800032a        0x2 
 .text.__libc_init_array
                0x000000000800032c       0x48 /Applications/STM32CubeIDE.app/Contents/Eclipse/plugins/com.st.stm32cube.ide.mcu.externaltools.gnu-tools-for-stm32.10.3-2021.10.macos64_1.0.0.202111181127/tools/bin/../lib/gcc/arm-none-eabi/10.3.1/../../../../arm-none-eabi/lib/thumb/v7-m/nofp/libc_nano.a(lib_a-init.o)
                0x000000000800032c                __libc_init_array
 *(.glue_7)
 .glue_7        0x0000000008000374        0x0 linker stubs
 *(.glue_7t)
 .glue_7t       0x0000000008000374        0x0 linker stubs
 *(.eh_frame)
 .eh_frame      0x0000000008000374        0x0 /Applications/STM32CubeIDE.app/Contents/Eclipse/plugins/com.st.stm32cube.ide.mcu.externaltools.gnu-tools-for-stm32.10.3-2021.10.macos64_1.0.0.202111181127/tools/bin/../lib/gcc/arm-none-eabi/10.3.1/thumb/v7-m/nofp/crtbegin.o
 *(.init)
 .init          0x0000000008000374        0x4 /Applications/STM32CubeIDE.app/Contents/Eclipse/plugins/com.st.stm32cube.ide.mcu.externaltools.gnu-tools-for-stm32.10.3-2021.10.macos64_1.0.0.202111181127/tools/bin/../lib/gcc/arm-none-eabi/10.3.1/thumb/v7-m/nofp/crti.o
                0x0000000008000374                _init
 .init          0x0000000008000378        0x8 /Applications/STM32CubeIDE.app/Contents/Eclipse/plugins/com.st.stm32cube.ide.mcu.externaltools.gnu-tools-for-stm32.10.3-2021.10.macos64_1.0.0.202111181127/tools/bin/../lib/gcc/arm-none-eabi/10.3.1/thumb/v7-m/nofp/crtn.o
 *(.fini)
 .fini          0x0000000008000380        0x4 /Applications/STM32CubeIDE.app/Contents/Eclipse/plugins/com.st.stm32cube.ide.mcu.externaltools.gnu-tools-for-stm32.10.3-2021.10.macos64_1.0.0.202111181127/tools/bin/../lib/gcc/arm-none-eabi/10.3.1/thumb/v7-m/nofp/crti.o
                0x0000000008000380                _fini
 .fini          0x0000000008000384        0x8 /Applications/STM32CubeIDE.app/Contents/Eclipse/plugins/com.st.stm32cube.ide.mcu.externaltools.gnu-tools-for-stm32.10.3-2021.10.macos64_1.0.0.202111181127/tools/bin/../lib/gcc/arm-none-eabi/10.3.1/thumb/v7-m/nofp/crtn.o
                0x000000000800038c                . = ALIGN (0x4)
                0x000000000800038c                _etext = .

.vfp11_veneer   0x000000000800038c        0x0
 .vfp11_veneer  0x000000000800038c        0x0 linker stubs

.v4_bx          0x000000000800038c        0x0
 .v4_bx         0x000000000800038c        0x0 linker stubs

.iplt           0x000000000800038c        0x0
 .iplt          0x000000000800038c        0x0 /Applications/STM32CubeIDE.app/Contents/Eclipse/plugins/com.st.stm32cube.ide.mcu.externaltools.gnu-tools-for-stm32.10.3-2021.10.macos64_1.0.0.202111181127/tools/bin/../lib/gcc/arm-none-eabi/10.3.1/thumb/v7-m/nofp/crtbegin.o

.rel.dyn        0x000000000800038c        0x0
 .rel.iplt      0x000000000800038c        0x0 /Applications/STM32CubeIDE.app/Contents/Eclipse/plugins/com.st.stm32cube.ide.mcu.externaltools.gnu-tools-for-stm32.10.3-2021.10.macos64_1.0.0.202111181127/tools/bin/../lib/gcc/arm-none-eabi/10.3.1/thumb/v7-m/nofp/crtbegin.o

.rodata         0x000000000800038c        0x0
                0x000000000800038c                . = ALIGN (0x4)
 *(.rodata)
 *(.rodata*)
                0x000000000800038c                . = ALIGN (0x4)

.ARM.extab      0x000000000800038c        0x0
                0x000000000800038c                . = ALIGN (0x4)
 *(.ARM.extab* .gnu.linkonce.armextab.*)
                0x000000000800038c                . = ALIGN (0x4)

.ARM            0x000000000800038c        0x0
                0x000000000800038c                . = ALIGN (0x4)
                0x000000000800038c                __exidx_start = .
 *(.ARM.exidx*)
                0x000000000800038c                __exidx_end = .
                0x000000000800038c                . = ALIGN (0x4)

.preinit_array  0x000000000800038c        0x0
                0x000000000800038c                . = ALIGN (0x4)
                0x000000000800038c                PROVIDE (__preinit_array_start = .)
 *(.preinit_array*)
                0x000000000800038c                PROVIDE (__preinit_array_end = .)
                0x000000000800038c                . = ALIGN (0x4)

.init_array     0x000000000800038c        0x4
                0x000000000800038c                . = ALIGN (0x4)
                0x000000000800038c                PROVIDE (__init_array_start = .)
 *(SORT_BY_NAME(.init_array.*))
 *(.init_array*)
 .init_array    0x000000000800038c        0x4 /Applications/STM32CubeIDE.app/Contents/Eclipse/plugins/com.st.stm32cube.ide.mcu.externaltools.gnu-tools-for-stm32.10.3-2021.10.macos64_1.0.0.202111181127/tools/bin/../lib/gcc/arm-none-eabi/10.3.1/thumb/v7-m/nofp/crtbegin.o
                0x0000000008000390                PROVIDE (__init_array_end = .)
                0x0000000008000390                . = ALIGN (0x4)

.fini_array     0x0000000008000390        0x4
                0x0000000008000390                . = ALIGN (0x4)
                [!provide]                        PROVIDE (__fini_array_start = .)
 *(SORT_BY_NAME(.fini_array.*))
 *(.fini_array*)
 .fini_array    0x0000000008000390        0x4 /Applications/STM32CubeIDE.app/Contents/Eclipse/plugins/com.st.stm32cube.ide.mcu.externaltools.gnu-tools-for-stm32.10.3-2021.10.macos64_1.0.0.202111181127/tools/bin/../lib/gcc/arm-none-eabi/10.3.1/thumb/v7-m/nofp/crtbegin.o
                [!provide]                        PROVIDE (__fini_array_end = .)
                0x0000000008000394                . = ALIGN (0x4)
                0x0000000008000394                _sidata = LOADADDR (.data)

.data           0x0000000020000000        0x0 load address 0x0000000008000394
                0x0000000020000000                . = ALIGN (0x4)
                0x0000000020000000                _sdata = .
 *(.data)
 *(.data*)
 *(.RamFunc)
 *(.RamFunc*)
                0x0000000020000000                . = ALIGN (0x4)
                0x0000000020000000                _edata = .

.igot.plt       0x0000000020000000        0x0 load address 0x0000000008000394
 .igot.plt      0x0000000020000000        0x0 /Applications/STM32CubeIDE.app/Contents/Eclipse/plugins/com.st.stm32cube.ide.mcu.externaltools.gnu-tools-for-stm32.10.3-2021.10.macos64_1.0.0.202111181127/tools/bin/../lib/gcc/arm-none-eabi/10.3.1/thumb/v7-m/nofp/crtbegin.o
                0x0000000020000000                . = ALIGN (0x4)

.bss            0x0000000020000000       0x1c load address 0x0000000008000394
                0x0000000020000000                _sbss = .
                0x0000000020000000                __bss_start__ = _sbss
 *(.bss)
 .bss           0x0000000020000000       0x1c /Applications/STM32CubeIDE.app/Contents/Eclipse/plugins/com.st.stm32cube.ide.mcu.externaltools.gnu-tools-for-stm32.10.3-2021.10.macos64_1.0.0.202111181127/tools/bin/../lib/gcc/arm-none-eabi/10.3.1/thumb/v7-m/nofp/crtbegin.o
 *(.bss*)
 *(COMMON)
                0x000000002000001c                . = ALIGN (0x4)
                0x000000002000001c                _ebss = .
                0x000000002000001c                __bss_end__ = _ebss

._user_heap_stack
                0x000000002000001c      0x604 load address 0x0000000008000394
                0x0000000020000020                . = ALIGN (0x8)
 *fill*         0x000000002000001c        0x4 
                [!provide]                        PROVIDE (end = .)
                [!provide]                        PROVIDE (_end = .)
                0x0000000020000220                . = (. + _Min_Heap_Size)
 *fill*         0x0000000020000020      0x200 
                0x0000000020000620                . = (. + _Min_Stack_Size)
 *fill*         0x0000000020000220      0x400 
                0x0000000020000620                . = ALIGN (0x8)

/DISCARD/
 libc.a(*)
 libm.a(*)
 libgcc.a(*)

.ARM.attributes
                0x0000000000000000       0x29
 *(.ARM.attributes)
 .ARM.attributes
                0x0000000000000000       0x1d /Applications/STM32CubeIDE.app/Contents/Eclipse/plugins/com.st.stm32cube.ide.mcu.externaltools.gnu-tools-for-stm32.10.3-2021.10.macos64_1.0.0.202111181127/tools/bin/../lib/gcc/arm-none-eabi/10.3.1/thumb/v7-m/nofp/crti.o
 .ARM.attributes
                0x000000000000001d       0x2d /Applications/STM32CubeIDE.app/Contents/Eclipse/plugins/com.st.stm32cube.ide.mcu.externaltools.gnu-tools-for-stm32.10.3-2021.10.macos64_1.0.0.202111181127/tools/bin/../lib/gcc/arm-none-eabi/10.3.1/thumb/v7-m/nofp/crtbegin.o
 .ARM.attributes
                0x000000000000004a       0x2d ./Core/Src/main.o
 .ARM.attributes
                0x0000000000000077       0x2d ./Core/Src/system_stm32f1xx.o
 .ARM.attributes
                0x00000000000000a4       0x2d ./Peripherals/Src/gpio.o
 .ARM.attributes
                0x00000000000000d1       0x2d ./Peripherals/Src/rcc.o
 .ARM.attributes
                0x00000000000000fe       0x21 ./Startup/startup_stm32f103xb.o
 .ARM.attributes
                0x000000000000011f       0x2d /Applications/STM32CubeIDE.app/Contents/Eclipse/plugins/com.st.stm32cube.ide.mcu.externaltools.gnu-tools-for-stm32.10.3-2021.10.macos64_1.0.0.202111181127/tools/bin/../lib/gcc/arm-none-eabi/10.3.1/../../../../arm-none-eabi/lib/thumb/v7-m/nofp/libc_nano.a(lib_a-init.o)
 .ARM.attributes
                0x000000000000014c       0x1d /Applications/STM32CubeIDE.app/Contents/Eclipse/plugins/com.st.stm32cube.ide.mcu.externaltools.gnu-tools-for-stm32.10.3-2021.10.macos64_1.0.0.202111181127/tools/bin/../lib/gcc/arm-none-eabi/10.3.1/thumb/v7-m/nofp/crtn.o
OUTPUT(PROJECTSETUP.elf elf32-littlearm)
LOAD linker stubs
LOAD /Applications/STM32CubeIDE.app/Contents/Eclipse/plugins/com.st.stm32cube.ide.mcu.externaltools.gnu-tools-for-stm32.10.3-2021.10.macos64_1.0.0.202111181127/tools/bin/../lib/gcc/arm-none-eabi/10.3.1/../../../../arm-none-eabi/lib/thumb/v7-m/nofp/libc.a
LOAD /Applications/STM32CubeIDE.app/Contents/Eclipse/plugins/com.st.stm32cube.ide.mcu.externaltools.gnu-tools-for-stm32.10.3-2021.10.macos64_1.0.0.202111181127/tools/bin/../lib/gcc/arm-none-eabi/10.3.1/../../../../arm-none-eabi/lib/thumb/v7-m/nofp/libm.a
LOAD /Applications/STM32CubeIDE.app/Contents/Eclipse/plugins/com.st.stm32cube.ide.mcu.externaltools.gnu-tools-for-stm32.10.3-2021.10.macos64_1.0.0.202111181127/tools/bin/../lib/gcc/arm-none-eabi/10.3.1/thumb/v7-m/nofp/libgcc.a

.debug_info     0x0000000000000000      0x697
 .debug_info    0x0000000000000000       0x9c ./Core/Src/main.o
 .debug_info    0x000000000000009c      0x236 ./Core/Src/system_stm32f1xx.o
 .debug_info    0x00000000000002d2      0x1bc ./Peripherals/Src/gpio.o
 .debug_info    0x000000000000048e      0x1e7 ./Peripherals/Src/rcc.o
 .debug_info    0x0000000000000675       0x22 ./Startup/startup_stm32f103xb.o

.debug_abbrev   0x0000000000000000      0x2f9
 .debug_abbrev  0x0000000000000000       0x74 ./Core/Src/main.o
 .debug_abbrev  0x0000000000000074      0x13b ./Core/Src/system_stm32f1xx.o
 .debug_abbrev  0x00000000000001af       0x9b ./Peripherals/Src/gpio.o
 .debug_abbrev  0x000000000000024a       0x9d ./Peripherals/Src/rcc.o
 .debug_abbrev  0x00000000000002e7       0x12 ./Startup/startup_stm32f103xb.o

.debug_aranges  0x0000000000000000       0xb8
 .debug_aranges
                0x0000000000000000       0x20 ./Core/Src/main.o
 .debug_aranges
                0x0000000000000020       0x28 ./Core/Src/system_stm32f1xx.o
 .debug_aranges
                0x0000000000000048       0x20 ./Peripherals/Src/gpio.o
 .debug_aranges
                0x0000000000000068       0x28 ./Peripherals/Src/rcc.o
 .debug_aranges
                0x0000000000000090       0x28 ./Startup/startup_stm32f103xb.o

.debug_ranges   0x0000000000000000       0x70
 .debug_ranges  0x0000000000000000       0x10 ./Core/Src/main.o
 .debug_ranges  0x0000000000000010       0x18 ./Core/Src/system_stm32f1xx.o
 .debug_ranges  0x0000000000000028       0x10 ./Peripherals/Src/gpio.o
 .debug_ranges  0x0000000000000038       0x18 ./Peripherals/Src/rcc.o
 .debug_ranges  0x0000000000000050       0x20 ./Startup/startup_stm32f103xb.o

.debug_macro    0x0000000000000000    0x1016e
 .debug_macro   0x0000000000000000       0xda ./Core/Src/main.o
 .debug_macro   0x00000000000000da      0xa66 ./Core/Src/main.o
 .debug_macro   0x0000000000000b40       0x2e ./Core/Src/main.o
 .debug_macro   0x0000000000000b6e       0x22 ./Core/Src/main.o
 .debug_macro   0x0000000000000b90       0x22 ./Core/Src/main.o
 .debug_macro   0x0000000000000bb2       0x8e ./Core/Src/main.o
 .debug_macro   0x0000000000000c40       0x51 ./Core/Src/main.o
 .debug_macro   0x0000000000000c91      0x103 ./Core/Src/main.o
 .debug_macro   0x0000000000000d94       0x6a ./Core/Src/main.o
 .debug_macro   0x0000000000000dfe      0x1df ./Core/Src/main.o
 .debug_macro   0x0000000000000fdd       0x1c ./Core/Src/main.o
 .debug_macro   0x0000000000000ff9       0x22 ./Core/Src/main.o
 .debug_macro   0x000000000000101b       0xbd ./Core/Src/main.o
 .debug_macro   0x00000000000010d8      0xd23 ./Core/Src/main.o
 .debug_macro   0x0000000000001dfb     0xe09e ./Core/Src/main.o
 .debug_macro   0x000000000000fe99       0x6d ./Core/Src/main.o
 .debug_macro   0x000000000000ff06       0xc8 ./Core/Src/system_stm32f1xx.o
 .debug_macro   0x000000000000ffce       0xd0 ./Peripherals/Src/gpio.o
 .debug_macro   0x000000000001009e       0xd0 ./Peripherals/Src/rcc.o

.debug_line     0x0000000000000000     0x14fd
 .debug_line    0x0000000000000000      0x4f2 ./Core/Src/main.o
 .debug_line    0x00000000000004f2      0x52c ./Core/Src/system_stm32f1xx.o
 .debug_line    0x0000000000000a1e      0x4f6 ./Peripherals/Src/gpio.o
 .debug_line    0x0000000000000f14      0x569 ./Peripherals/Src/rcc.o
 .debug_line    0x000000000000147d       0x80 ./Startup/startup_stm32f103xb.o

.debug_str      0x0000000000000000    0x5448a
 .debug_str     0x0000000000000000    0x542df ./Core/Src/main.o
                                      0x544f8 (size before relaxing)
 .debug_str     0x00000000000542df       0xfe ./Core/Src/system_stm32f1xx.o
                                      0x545ae (size before relaxing)
 .debug_str     0x00000000000543dd       0x31 ./Peripherals/Src/gpio.o
                                      0x54549 (size before relaxing)
 .debug_str     0x000000000005440e       0x4d ./Peripherals/Src/rcc.o
                                      0x5456c (size before relaxing)
 .debug_str     0x000000000005445b       0x2f ./Startup/startup_stm32f103xb.o
                                         0x62 (size before relaxing)

.comment        0x0000000000000000       0x50
 .comment       0x0000000000000000       0x50 ./Core/Src/main.o
                                         0x51 (size before relaxing)
 .comment       0x0000000000000050       0x51 ./Core/Src/system_stm32f1xx.o
 .comment       0x0000000000000050       0x51 ./Peripherals/Src/gpio.o
 .comment       0x0000000000000050       0x51 ./Peripherals/Src/rcc.o

.debug_frame    0x0000000000000000      0x130
 .debug_frame   0x0000000000000000       0x2c ./Core/Src/main.o
 .debug_frame   0x000000000000002c       0x58 ./Core/Src/system_stm32f1xx.o
 .debug_frame   0x0000000000000084       0x30 ./Peripherals/Src/gpio.o
 .debug_frame   0x00000000000000b4       0x50 ./Peripherals/Src/rcc.o
 .debug_frame   0x0000000000000104       0x2c /Applications/STM32CubeIDE.app/Contents/Eclipse/plugins/com.st.stm32cube.ide.mcu.externaltools.gnu-tools-for-stm32.10.3-2021.10.macos64_1.0.0.202111181127/tools/bin/../lib/gcc/arm-none-eabi/10.3.1/../../../../arm-none-eabi/lib/thumb/v7-m/nofp/libc_nano.a(lib_a-init.o)
