17:07:08 **** Incremental Build of configuration Debug for project PROJECTSETUP ****
make -j3 all 
arm-none-eabi-gcc "../Core/Src/main.c" -mcpu=cortex-m3 -std=gnu11 -g3 -DDEBUG -DSTM32F103xB -c -I"/Users/sandilazad/Desktop/STM32/PROJECTSETUP/Core/Inc" -I"/Users/sandilazad/Desktop/STM32/PROJECTSETUP/CMSIS/Include" -I"/Users/sandilazad/Desktop/STM32/PROJECTSETUP/Peripherals/Inc" -O0 -ffunction-sections -fdata-sections -Wall -fstack-usage -MMD -MP -MF"Core/Src/main.d" -MT"Core/Src/main.o" --specs=nano.specs -mfloat-abi=soft -mthumb -o "Core/Src/main.o"
arm-none-eabi-gcc -o "PROJECTSETUP.elf" @"objects.list"   -mcpu=cortex-m3 -T"/Users/sandilazad/Desktop/STM32/PROJECTSETUP/STM32F103C8TX_FLASH.ld" --specs=nosys.specs -Wl,-Map="PROJECTSETUP.map" -Wl,--gc-sections -static --specs=nano.specs -mfloat-abi=soft -mthumb -Wl,--start-group -lc -lm -Wl,--end-group
Finished building target: PROJECTSETUP.elf
 
arm-none-eabi-size   PROJECTSETUP.elf 
arm-none-eabi-objdump -h -S  PROJECTSETUP.elf  > "PROJECTSETUP.list"
   text	   data	    bss	    dec	    hex	filename
    800	      8	   1568	   2376	    948	PROJECTSETUP.elf
Finished building: default.size.stdout
 
Finished building: PROJECTSETUP.list
 
